// Jest Snapshot v1, https://goo.gl/fbAQLP

exports[`Should correctly render ExpensesSummary with 1 expense 1`] = `""`;

exports[`Should correctly render ExpensesSummary with multiple expenses 1`] = `""`;
